// Jest Snapshot v1, https://goo.gl/fbAQLP

exports[`NavBar.vue renders props.msg when passed 1`] = `
<nav>
  <div>NavBar</div>
</nav>
`;
